r-VEX
-----
Cycles: 0x00000231

Data memory dump

addr | contents
-----+-----------
0x00 | 0x43A53F82
0x01 | 0x00000000
0x02 | 0x00000000
0x03 | 0x00000000
0x04 | 0x00000000
0x05 | 0x00000000
0x06 | 0x00000000
0x07 | 0x00000000
0x08 | 0x00000000
0x09 | 0x00000000
0x0A | 0x00000000
0x0B | 0x00000000
0x0C | 0x00000000
0x0D | 0x00000000
0x0E | 0x00000000
0x0F | 0x00000000
